--- Search Started Tue Apr 14 01:56:03 PM EET 2026 ---
Selected: /home/qwerty/Learning-Library/albums/luv/IMG_20250616_160902_0654.jpg
/home/qwerty/NixOSenv/scripts/file-search-launcher.sh: line 23: /usr/bin/setsid: No such file or directory
--- Search Started Tue Apr 14 01:56:33 PM EET 2026 ---
Selected: /home/qwerty/Music/luvGhost.m4a
/home/qwerty/NixOSenv/scripts/file-search-launcher.sh: line 23: /usr/bin/setsid: No such file or directory
--- Search Started Tue Apr 14 01:56:37 PM EET 2026 ---
Selected: /home/qwerty/Learning-Library/albums/luv/IMG_20250531_081837.jpg
/home/qwerty/NixOSenv/scripts/file-search-launcher.sh: line 23: /usr/bin/setsid: No such file or directory
--- Search Started Tue Apr 14 01:58:01 PM EET 2026 ---
Selected: /home/qwerty/Downloads/readiness.jpg
/home/qwerty/NixOSenv/scripts/file-search-launcher.sh: line 23: /usr/bin/setsid: No such file or directory
--- Search Started Tue Apr 14 02:03:11 PM EET 2026 ---
Selected: /home/qwerty/Learning-Library/albums/luv/IMG_20250616_160902_0654.jpg
--- Search Started Tue Apr 14 02:03:31 PM EET 2026 ---
Selected: /home/qwerty/Music/Two Mommies Kiss & Whisper In Your Ears [FF4A][Praise][Cuddles][Hairplay] - Mommy ASMR.mp3
--- Search Started Tue Apr 14 02:03:37 PM EET 2026 ---
Selected: /home/qwerty/Videos/rec-internal-20260410-180022.mp4
--- Search Started Tue Apr 14 11:31:50 PM EET 2026 ---
Selected: /home/qwerty/Learning/all_straight_pins_raw.txt
--- Search Started Tue Apr 14 11:32:14 PM EET 2026 ---
No selection made.
--- Search Started Tue Apr 14 11:32:28 PM EET 2026 ---
Selected: /home/qwerty/Learning/all_straight_pins_raw.txt
--- Search Started Wed Apr 15 01:09:44 AM EET 2026 ---
Selected: /home/qwerty/Music/übermensch.jpg
--- Search Started Wed Apr 15 01:10:50 AM EET 2026 ---
No selection made.
--- Search Started Wed Apr 15 11:35:13 AM EET 2026 ---
Selected: /home/qwerty/1“maddy you just keep on growing” like i have any control over it 😭 at this point i’m just adapt.mp4
--- Search Started Wed Apr 15 11:35:32 AM EET 2026 ---
Selected: /home/qwerty/1“maddy you just keep on growing” like i have any control over it 😭 at this point i’m just adapt.mp4
--- Search Started Wed Apr 15 11:37:53 AM EET 2026 ---
No selection made.
--- Search Started Wed Apr 15 11:38:35 AM EET 2026 ---
Selected: /home/qwerty/“maddy you just keep on growing” like i have any control over it 😭 at this point i’m just adapt.mp4
--- Search Started Wed Apr 15 11:38:43 AM EET 2026 ---
Selected: /home/qwerty/1“maddy you just keep on growing” like i have any control over it 😭 at this point i’m just adapt.mp4
--- Search Started Wed Apr 15 11:39:24 AM EET 2026 ---
Selected: /home/qwerty/1“maddy you just keep on growing” like i have any control over it 😭 at this point i’m just adapt.mp4
--- Search Started Wed Apr 15 12:50:00 PM EET 2026 ---
Selected: /home/qwerty/dad.png
--- Search Started Wed Apr 15 02:24:45 PM EET 2026 ---
Selected: /home/qwerty/dad.mp4
--- Search Started Wed Apr 15 02:24:49 PM EET 2026 ---
Selected: /home/qwerty/dad.png
--- Search Started Wed Apr 15 02:32:20 PM EET 2026 ---
Selected: /home/qwerty/dad.png
--- Search Started Wed Apr 15 02:32:46 PM EET 2026 ---
No selection made.
--- Search Started Wed Apr 15 02:32:58 PM EET 2026 ---
Selected: /home/qwerty/car.mp4
--- Search Started Wed Apr 15 03:11:12 PM EET 2026 ---
Selected: /home/qwerty/Downloads/The.Boys.S05E01.REPACK.1080p.WEB.h264-ETHEL[EZTVx.to].mkv
--- Search Started Wed Apr 15 04:14:13 PM EET 2026 ---
Selected: /home/qwerty/Downloads/www.UIndex.org    -    The.Boys.S05E02.1080p.WEB.h264-ETHEL/The.Boys.S05E02.1080p.WEB.h264-ETHEL.mkv
--- Search Started Wed Apr 15 05:19:49 PM EET 2026 ---
Selected: /home/qwerty/Downloads/www.UIndex.org    -    The.Boys.S05E03.1080p.WEB.h264-ETHEL/The.Boys.S05E03.1080p.WEB.h264-ETHEL.mkv
--- Search Started Wed Apr 15 06:41:42 PM EET 2026 ---
No selection made.
--- Search Started Wed Apr 15 06:41:44 PM EET 2026 ---
Selected: /home/qwerty/Downloads/www.UIndex.org    -    The.Boys.S05E03.1080p.WEB.h264-ETHEL/The.Boys.S05E03.1080p.WEB.h264-ETHEL.mkv
--- Search Started Wed Apr 15 07:18:05 PM EET 2026 ---
No selection made.
--- Search Started Wed Apr 15 08:52:53 PM EET 2026 ---
No selection made.
--- Search Started Wed Apr 15 09:21:20 PM EET 2026 ---
Selected: /home/qwerty/Downloads/library/albums/me/591287454_1120157933662346_22710443712170940_n.jpg
--- Search Started Wed Apr 15 10:18:17 PM EET 2026 ---
Selected: /home/qwerty/Learning-Library/Language&German/Modern German pronunciation _ an introduction for speakers -- Christopher Hall -- 2nd ed, Manchester UK ; New York.pdf
--- Search Started Wed Apr 15 10:48:49 PM EET 2026 ---
Selected: /home/qwerty/Downloads/EROTIC/maddy.jpeg
--- Search Started Wed Apr 15 10:50:29 PM EET 2026 ---
No selection made.
--- Search Started Thu Apr 16 06:31:38 AM EET 2026 ---
Selected: /home/qwerty/Downloads/www.UIndex.org    -    The.Boys.S05E03.1080p.WEB.h264-ETHEL/The.Boys.S05E03.1080p.WEB.h264-ETHEL.mkv
--- Search Started Thu Apr 16 07:06:41 AM EET 2026 ---
Selected: /home/qwerty/Downloads/www.UIndex.org    -    The.Boys.S05E02.1080p.WEB.h264-ETHEL/The.Boys.S05E02.1080p.WEB.h264-ETHEL.mkv
--- Search Started Thu Apr 16 11:26:14 AM EET 2026 ---
Selected: /home/qwerty/Downloads/www.UIndex.org    -    The.Boys.S05E03.1080p.WEB.h264-ETHEL/The.Boys.S05E03.1080p.WEB.h264-ETHEL.mkv
--- Search Started Thu Apr 16 03:00:17 PM EET 2026 ---
Selected: /home/qwerty/Music/hills/Hills - 3XOXO.mp3
--- Search Started Thu Apr 16 04:42:44 PM EET 2026 ---
No selection made.
--- Search Started Thu Apr 16 06:52:13 PM EET 2026 ---
Selected: /home/qwerty/Chun Li Feet and Giantess Growth [11931431].mp4
--- Search Started Thu Apr 16 07:07:48 PM EET 2026 ---
Selected: /home/qwerty/Downloads/EROTIC/dva-can-be-such-a-big-tease_720p.mp4
--- Search Started Thu Apr 16 07:09:13 PM EET 2026 ---
Selected: /home/qwerty/Downloads/EROTIC/Chun Li Feet and Giantess Growth [11931431].mp4
--- Search Started Thu Apr 16 07:26:49 PM EET 2026 ---
Selected: /home/qwerty/Downloads/EROTIC/Chun Li Feet and Giantess Growth [11931431].mp4
--- Search Started Thu Apr 16 07:30:40 PM EET 2026 ---
No selection made.
--- Search Started Thu Apr 16 07:32:19 PM EET 2026 ---
No selection made.
--- Search Started Thu Apr 16 07:34:28 PM EET 2026 ---
Selected: /home/qwerty/.config/hypr/wallpaper.jpg
--- Search Started Thu Apr 16 07:45:12 PM EET 2026 ---
Selected: /home/qwerty/Downloads/wallpapers/johncena.webp
--- Search Started Thu Apr 16 07:45:18 PM EET 2026 ---
Selected: /home/qwerty/.config/hypr/wallpaper.jpg
--- Search Started Thu Apr 16 07:45:25 PM EET 2026 ---
Selected: /home/qwerty/NixOSenv/dotfiles/hypr/wallpaper.jpg
--- Search Started Thu Apr 16 09:59:21 PM EET 2026 ---
Selected: /home/qwerty/Downloads/EROTIC/Chun Li Feet and Giantess Growth [11931431].mp4
--- Search Started Thu Apr 16 09:59:59 PM EET 2026 ---
No selection made.
--- Search Started Thu Apr 16 10:00:04 PM EET 2026 ---
Selected: /home/qwerty/Downloads/EROTIC/dad.mp4
--- Search Started Thu Apr 16 10:00:11 PM EET 2026 ---
No selection made.
--- Search Started Thu Apr 16 10:00:54 PM EET 2026 ---
Selected: /home/qwerty/Downloads/EROTIC/Chun Li Feet and Giantess Growth [11931431].mp4
--- Search Started Thu Apr 16 10:58:16 PM EET 2026 ---
Selected: /home/qwerty/Downloads/.erotic/Chun Li Feet and Giantess Growth [11931431].mp4
--- Search Started Sat Apr 18 12:00:52 AM EET 2026 ---
No selection made.
--- Search Started Sat Apr 18 12:15:55 PM EET 2026 ---
No selection made.
--- Search Started Sat Apr 18 12:55:00 PM EET 2026 ---
No selection made.
--- Search Started Sat Apr 18 12:55:12 PM EET 2026 ---
No selection made.
--- Search Started Sat Apr 18 06:02:50 PM EET 2026 ---
Selected: /home/qwerty/Learning-Library/albums/me/591287454_1120157933662346_22710443712170940_n.jpg
--- Search Started Sat Apr 18 11:25:03 PM EET 2026 ---
Selected: /home/qwerty/Learning-Library/albums/luv/IMG_20250616_160902_0654.jpg
--- Search Started Sat Apr 18 11:31:09 PM EET 2026 ---
Selected: /home/qwerty/Music/aloneagain/[1205360188] luvvc🫶🏻 - 𝗮𝗹𝗼𝗻𝗲 𝗮𝗴𝗮𝗶𝗻 [𝘀𝗽𝗲𝗱 𝘂𝗽].m4a
--- Search Started Sat Apr 18 11:31:14 PM EET 2026 ---
Selected: /home/qwerty/Downloads/library/albums/luv/IMG_20250616_160902_0654.jpg
--- Search Started Sat Apr 18 11:38:15 PM EET 2026 ---
Selected: /home/qwerty/Downloads/library/albums/luv/IMG_20250616_160902_0654.jpg
--- Search Started Sun Apr 19 11:30:40 PM EET 2026 ---
Selected: /home/qwerty/Downloads/sweet/SpankBang.com_izumi+mei+by+najar_1080p.mp4
--- Search Started Mon Apr 20 01:21:58 PM EET 2026 ---
Selected: /home/qwerty/Downloads/library/albums/me/591287454_1120157933662346_22710443712170940_n.jpg
--- Search Started Tue Apr 21 10:56:01 AM EET 2026 ---
Selected: /home/qwerty/Learning-Library/github-recovery-codes.txt
--- Search Started Tue Apr 21 10:56:19 AM EET 2026 ---
No selection made.
--- Search Started Wed Apr 22 11:13:30 AM EET 2026 ---
Selected: /home/qwerty/Downloads/987370049527910 HD.mp4
--- Search Started Wed Apr 22 12:04:36 PM EET 2026 ---
No selection made.
--- Search Started Thu Apr 23 11:39:04 AM EET 2026 ---
Selected: /home/qwerty/Music/aloneagain/[1205360188] luvvc🫶🏻 - 𝗮𝗹𝗼𝗻𝗲 𝗮𝗴𝗮𝗶𝗻 [𝘀𝗽𝗲𝗱 𝘂𝗽].m4a
--- Search Started Thu Apr 23 11:39:10 AM EET 2026 ---
Selected: /home/qwerty/Downloads/library/albums/luv/IMG_20250616_160902_0654.jpg
--- Search Started Thu Apr 23 11:48:01 AM EET 2026 ---
No selection made.
--- Search Started Thu Apr 23 10:04:24 PM EET 2026 ---
No selection made.
--- Search Started Fri Apr 24 03:39:17 PM EEST 2026 ---
No selection made.
--- Search Started Fri Apr 24 03:39:25 PM EEST 2026 ---
No selection made.
--- Search Started Sat Apr 25 03:41:10 PM EEST 2026 ---
No selection made.
--- Search Started Sat Apr 25 03:42:57 PM EEST 2026 ---
No selection made.
--- Search Started Sat Apr 25 03:45:24 PM EEST 2026 ---
No selection made.
--- Search Started Sat Apr 25 08:01:32 PM EEST 2026 ---
No selection made.
--- Search Started Sat Apr 25 08:16:54 PM EEST 2026 ---
No selection made.
--- Search Started Sat Apr 25 08:17:15 PM EEST 2026 ---
No selection made.
--- Search Started Sat Apr 25 08:17:24 PM EEST 2026 ---
No selection made.
--- Search Started Sat Apr 25 08:20:22 PM EEST 2026 ---
No selection made.
--- Search Started Sat Apr 25 08:20:25 PM EEST 2026 ---
No selection made.
--- Search Started Sat Apr 25 08:21:15 PM EEST 2026 ---
No selection made.
--- Search Started Sat Apr 25 09:10:54 PM EEST 2026 ---
Selected: /home/qwerty/Learning_medical/input-library/oncology-project/ASCO-SEP_2025.pdf
--- Search Started Sun Apr 26 11:49:04 AM EEST 2026 ---
Selected: /home/qwerty/Learning_medical/input-library/oncology-project/ASCO-SEP_2025.pdf
--- Search Started Sun Apr 26 12:02:00 PM EEST 2026 ---
No selection made.
--- Search Started Mon Apr 27 11:42:17 AM EEST 2026 ---
Selected: /home/qwerty/Downloads/boo/Video by karima.dimak [DXjj0yijCdk].mp4
--- Search Started Tue Apr 28 01:00:51 AM EEST 2026 ---
No selection made.
--- Search Started Wed Apr 29 11:52:09 AM EEST 2026 ---
No selection made.
--- Search Started Fri May  1 10:32:55 AM EEST 2026 ---
Selected: /home/qwerty/Learning/projects/web-compressor-repo/index.html
--- Search Started Fri May  1 12:57:01 PM EEST 2026 ---
Selected: /home/qwerty/college_projects/data-compression/index.html
--- Search Started Fri May  1 04:10:14 PM EEST 2026 ---
No selection made.
--- Search Started Sat May  2 04:27:14 PM EEST 2026 ---
No selection made.
--- Search Started Sun May  3 09:15:04 PM EEST 2026 ---
Selected: /home/qwerty/DCIM/Screenshots/Screenshot_2025-06-28-17-04-57-61_1c337646f29875672b5a61192b9010f9.jpg
--- Search Started Sun May  3 09:25:33 PM EEST 2026 ---
No selection made.
--- Search Started Mon May  4 12:29:34 AM EEST 2026 ---
Selected: /home/qwerty/college_projects/data-compression/index.html
--- Search Started Wed May  6 05:37:42 PM EEST 2026 ---
No selection made.
--- Search Started Wed May  6 05:37:53 PM EEST 2026 ---
Selected: /home/qwerty/Quantitative_Trading_How_to_Build_Your_Own_Algorithmic_Ernie_Chan.md
--- Search Started Wed May  6 05:39:44 PM EEST 2026 ---
Selected: /home/qwerty/Learning/input-library/hackathon/ernie_chan/Quantitative Trading_ How to Build Your Own Algorithmic -- Ernie Chan -- 1, US, 2008 -- John Wiley & Sons, Incorporated -- isbn13 9780470284889 -- f42e8954941899c8c51f2b143f8a4feb -- Anna’s Archive.pdf
--- Search Started Thu May  7 11:14:05 AM EEST 2026 ---
No selection made.
--- Search Started Thu May  7 11:16:43 AM EEST 2026 ---
No selection made.
--- Search Started Thu May  7 12:17:05 PM EEST 2026 ---
No selection made.
--- Search Started Fri May  8 08:46:53 PM EEST 2026 ---
No selection made.
--- Search Started Fri May  8 08:46:56 PM EEST 2026 ---
No selection made.
--- Search Started Fri May  8 08:54:51 PM EEST 2026 ---
Selected: /home/qwerty/aisprint/softworks-aisprint-brief.pdf
--- Search Started Fri May  8 08:55:48 PM EEST 2026 ---
Selected: /home/qwerty/aisprint/AISPRINT_-_Opening_Hackathon_(1).pdf
--- Search Started Sat May  9 12:23:39 PM EEST 2026 ---
No selection made.
--- Search Started Sat May  9 12:25:19 PM EEST 2026 ---
No selection made.
--- Search Started Sat May  9 10:11:40 PM EEST 2026 ---
No selection made.
--- Search Started Mon May 11 07:19:18 PM EEST 2026 ---
Selected: /home/qwerty/.boo/Calm Before the Storm/DHTG_Season_2_Chapter_9_pg_243.jpg
--- Search Started Tue May 12 05:59:46 PM EEST 2026 ---
No selection made.
--- Search Started Wed May 13 06:58:26 PM EEST 2026 ---
No selection made.
--- Search Started Thu May 14 02:11:07 PM EEST 2026 ---
No selection made.
--- Search Started Thu May 14 03:04:49 PM EEST 2026 ---
No selection made.
--- Search Started Thu May 14 03:04:51 PM EEST 2026 ---
No selection made.
--- Search Started Thu May 14 03:04:55 PM EEST 2026 ---
Selected: /home/qwerty/Briefly/demo_materials/client_wireframe.png
--- Search Started Thu May 14 03:05:07 PM EEST 2026 ---
No selection made.
--- Search Started Thu May 14 03:28:39 PM EEST 2026 ---
Selected: /home/qwerty/Videos/rec-video-20260514-152410.mp4
--- Search Started Thu May 14 05:01:31 PM EEST 2026 ---
No selection made.
--- Search Started Thu May 14 05:01:59 PM EEST 2026 ---
Selected: /home/qwerty/Videos/rec-video-20260514-152410.mp4
--- Search Started Thu May 14 06:11:57 PM EEST 2026 ---
Selected: /home/qwerty/Library/albums/me/591287454_1120157933662346_22710443712170940_n.jpg
--- Search Started Thu May 14 06:12:02 PM EEST 2026 ---
Selected: /home/qwerty/fuck.png
--- Search Started Thu May 14 07:05:16 PM EEST 2026 ---
Selected: /home/qwerty/Videos/rec-video-20260514-152410.mp4
--- Search Started Fri May 15 07:57:21 PM EEST 2026 ---
Selected: /home/qwerty/We are literally living in a fictional world 🌎. #badnapoleon.mp4
--- Search Started Fri May 15 07:57:31 PM EEST 2026 ---
Selected: /home/qwerty/Downloads/library/Library /AQPtcXLSFXn_NIsmQk_EEfh42wifMKtrJEhJ5Hhu4CRwCOwrwmplzNebGXVmmzOEm4nONwOkVAZvhEkNGn8DAyiX.mp4
--- Search Started Fri May 15 07:58:00 PM EEST 2026 ---
No selection made.
--- Search Started Sat May 16 10:02:54 PM EEST 2026 ---
Selected: /home/qwerty/Videos/rec-video-20260514-152410.mp4
--- Search Started Sun May 17 04:54:59 PM EEST 2026 ---
Selected: /home/qwerty/exams/Level_3_IS.pdf
--- Search Started Sun May 17 06:24:19 PM EEST 2026 ---
Selected: /home/qwerty/EPORNER.COM - [IdWD80xE4b7] Hasshaku-Sama 2025 (1080).mp4
--- Search Started Tue May 19 10:55:42 AM EEST 2026 ---
Selected: /home/qwerty/Library/albums/me/591287454_1120157933662346_22710443712170940_n.jpg
--- Search Started Tue May 19 10:26:30 PM EEST 2026 ---
Selected: /home/qwerty/exams/Level_3_IS.pdf
--- Search Started Tue May 19 10:27:15 PM EEST 2026 ---
Selected: /home/qwerty/exams/Level_2.pdf
--- Search Started Tue May 19 10:27:45 PM EEST 2026 ---
Selected: /home/qwerty/exams/Level_3_IS.pdf
--- Search Started Tue May 19 11:38:33 PM EEST 2026 ---
Selected: /home/qwerty/DCIM/IMG20250727213604_01.jpg
--- Search Started Tue May 19 11:40:09 PM EEST 2026 ---
Selected: /home/qwerty/DCIM/IMG20250727213604_01.jpg
--- Search Started Tue May 19 11:50:37 PM EEST 2026 ---
Selected: /home/qwerty/DCIM/MyAlbums/selfies/goofy.webp
--- Search Started Tue May 19 11:50:48 PM EEST 2026 ---
Selected: /home/qwerty/DCIM/MyAlbums/selfies/goofy.webp
--- Search Started Tue May 19 11:52:19 PM EEST 2026 ---
Selected: /home/qwerty/DCIM/MyAlbums/selfies/goofy.jpg
--- Search Started Fri May 22 09:30:41 AM EEST 2026 ---
Selected: /home/qwerty/DCIM/IMG_20260111_135646_520.webp
--- Search Started Fri May 22 09:30:55 AM EEST 2026 ---
No selection made.
--- Search Started Fri May 22 09:31:52 AM EEST 2026 ---
No selection made.
--- Search Started Fri May 22 10:50:29 AM EEST 2026 ---
Selected: /home/qwerty/exams/Level_3_IS.pdf
--- Search Started Fri May 22 10:55:50 PM EEST 2026 ---
No selection made.
